loading episodes from /home/dexmate/CNS_code/Dexmate/LGES/vla_training/datasets/lges_suction
train: 158 eps -> 45868 windows | val: 12 eps -> 3399 windows | device cuda
model params: 0.81M
ep   0 | train 1.0424 val 0.4051 | val wrench 0.2703 sealed 0.0295 cons 0.0030 | 10s  *
ep   1 | train 0.3719 val 0.3066 | val wrench 0.2213 sealed 0.0231 cons 0.0024 | 23s  *
ep   2 | train 0.2892 val 0.2651 | val wrench 0.1816 sealed 0.0251 cons 0.0022 | 36s  *
ep   3 | train 0.2482 val 0.2634 | val wrench 0.1762 sealed 0.0267 cons 0.0021 | 48s  *
ep   4 | train 0.2336 val 0.2419 | val wrench 0.1678 sealed 0.0240 cons 0.0020 | 62s  *
ep   5 | train 0.2223 val 0.2229 | val wrench 0.1613 sealed 0.0212 cons 0.0020 | 74s  *
ep   6 | train 0.2102 val 0.2197 | val wrench 0.1620 sealed 0.0192 cons 0.0020 | 87s  *
ep   7 | train 0.2008 val 0.2186 | val wrench 0.1598 sealed 0.0231 cons 0.0020 | 102s  *
ep   8 | train 0.1954 val 0.2252 | val wrench 0.1587 sealed 0.0247 cons 0.0021 | 115s
ep   9 | train 0.1986 val 0.2237 | val wrench 0.1624 sealed 0.0217 cons 0.0022 | 128s
ep  10 | train 0.1981 val 0.2169 | val wrench 0.1513 sealed 0.0233 cons 0.0023 | 142s  *
ep  11 | train 0.1853 val 0.2223 | val wrench 0.1648 sealed 0.0224 cons 0.0023 | 157s
ep  12 | train 0.1839 val 0.2374 | val wrench 0.1651 sealed 0.0257 cons 0.0025 | 173s
ep  13 | train 0.1825 val 0.2033 | val wrench 0.1486 sealed 0.0206 cons 0.0023 | 188s  *
ep  14 | train 0.1788 val 0.2131 | val wrench 0.1574 sealed 0.0213 cons 0.0024 | 205s
ep  15 | train 0.1732 val 0.2274 | val wrench 0.1755 sealed 0.0195 cons 0.0025 | 222s
ep  16 | train 0.1740 val 0.1978 | val wrench 0.1500 sealed 0.0183 cons 0.0024 | 235s  *
ep  17 | train 0.1692 val 0.1985 | val wrench 0.1490 sealed 0.0189 cons 0.0025 | 248s
ep  18 | train 0.1665 val 0.2162 | val wrench 0.1580 sealed 0.0212 cons 0.0026 | 261s
ep  19 | train 0.1667 val 0.2012 | val wrench 0.1471 sealed 0.0217 cons 0.0025 | 274s
ep  20 | train 0.1628 val 0.2040 | val wrench 0.1482 sealed 0.0230 cons 0.0026 | 287s
ep  21 | train 0.1668 val 0.2045 | val wrench 0.1533 sealed 0.0209 cons 0.0027 | 299s
ep  22 | train 0.1589 val 0.2025 | val wrench 0.1469 sealed 0.0211 cons 0.0027 | 312s
ep  23 | train 0.1592 val 0.2030 | val wrench 0.1512 sealed 0.0216 cons 0.0026 | 327s
ep  24 | train 0.1583 val 0.1998 | val wrench 0.1440 sealed 0.0228 cons 0.0026 | 340s
ep  25 | train 0.1548 val 0.2067 | val wrench 0.1511 sealed 0.0230 cons 0.0026 | 353s
ep  26 | train 0.1521 val 0.1928 | val wrench 0.1424 sealed 0.0214 cons 0.0027 | 366s  *
ep  27 | train 0.1529 val 0.2064 | val wrench 0.1515 sealed 0.0220 cons 0.0027 | 379s
ep  28 | train 0.1531 val 0.1965 | val wrench 0.1422 sealed 0.0199 cons 0.0028 | 392s
ep  29 | train 0.1508 val 0.2102 | val wrench 0.1528 sealed 0.0233 cons 0.0028 | 404s
ep  30 | train 0.1488 val 0.1959 | val wrench 0.1417 sealed 0.0221 cons 0.0027 | 416s
ep  31 | train 0.1444 val 0.2003 | val wrench 0.1482 sealed 0.0209 cons 0.0027 | 430s
ep  32 | train 0.1458 val 0.2074 | val wrench 0.1445 sealed 0.0267 cons 0.0028 | 443s
ep  33 | train 0.1432 val 0.1944 | val wrench 0.1425 sealed 0.0210 cons 0.0027 | 456s
ep  34 | train 0.1405 val 0.1995 | val wrench 0.1476 sealed 0.0222 cons 0.0027 | 468s
ep  35 | train 0.1409 val 0.2169 | val wrench 0.1528 sealed 0.0260 cons 0.0028 | 481s
ep  36 | train 0.1390 val 0.1914 | val wrench 0.1417 sealed 0.0208 cons 0.0028 | 494s  *
ep  37 | train 0.1371 val 0.1846 | val wrench 0.1363 sealed 0.0205 cons 0.0026 | 507s  *
ep  38 | train 0.1366 val 0.1962 | val wrench 0.1406 sealed 0.0233 cons 0.0027 | 520s
ep  39 | train 0.1350 val 0.2012 | val wrench 0.1420 sealed 0.0255 cons 0.0027 | 534s
ep  40 | train 0.1344 val 0.1966 | val wrench 0.1405 sealed 0.0242 cons 0.0027 | 546s
ep  41 | train 0.1316 val 0.1871 | val wrench 0.1351 sealed 0.0231 cons 0.0027 | 561s
ep  42 | train 0.1316 val 0.1984 | val wrench 0.1373 sealed 0.0268 cons 0.0026 | 574s
ep  43 | train 0.1302 val 0.2104 | val wrench 0.1411 sealed 0.0305 cons 0.0027 | 587s
ep  44 | train 0.1288 val 0.2029 | val wrench 0.1398 sealed 0.0280 cons 0.0027 | 599s
ep  45 | train 0.1271 val 0.1911 | val wrench 0.1372 sealed 0.0231 cons 0.0027 | 612s
ep  46 | train 0.1261 val 0.2049 | val wrench 0.1429 sealed 0.0280 cons 0.0026 | 626s
ep  47 | train 0.1249 val 0.2071 | val wrench 0.1446 sealed 0.0279 cons 0.0026 | 639s
ep  48 | train 0.1233 val 0.1976 | val wrench 0.1398 sealed 0.0253 cons 0.0026 | 652s
ep  49 | train 0.1225 val 0.1943 | val wrench 0.1397 sealed 0.0236 cons 0.0026 | 665s
ep  50 | train 0.1214 val 0.1964 | val wrench 0.1347 sealed 0.0276 cons 0.0026 | 678s
ep  51 | train 0.1199 val 0.2108 | val wrench 0.1399 sealed 0.0327 cons 0.0026 | 691s
ep  52 | train 0.1180 val 0.1906 | val wrench 0.1357 sealed 0.0246 cons 0.0026 | 705s
ep  53 | train 0.1177 val 0.2108 | val wrench 0.1405 sealed 0.0321 cons 0.0026 | 717s
ep  54 | train 0.1171 val 0.1940 | val wrench 0.1370 sealed 0.0255 cons 0.0026 | 731s
ep  55 | train 0.1161 val 0.2119 | val wrench 0.1388 sealed 0.0338 cons 0.0025 | 744s
ep  56 | train 0.1148 val 0.2205 | val wrench 0.1425 sealed 0.0361 cons 0.0025 | 757s
ep  57 | train 0.1140 val 0.2021 | val wrench 0.1392 sealed 0.0287 cons 0.0025 | 771s
ep  58 | train 0.1129 val 0.2225 | val wrench 0.1379 sealed 0.0391 cons 0.0025 | 784s
ep  59 | train 0.1115 val 0.2168 | val wrench 0.1386 sealed 0.0362 cons 0.0025 | 797s
ep  60 | train 0.1103 val 0.2169 | val wrench 0.1396 sealed 0.0361 cons 0.0025 | 810s
ep  61 | train 0.1098 val 0.2118 | val wrench 0.1366 sealed 0.0342 cons 0.0025 | 823s
ep  62 | train 0.1087 val 0.2031 | val wrench 0.1370 sealed 0.0305 cons 0.0024 | 835s
ep  63 | train 0.1078 val 0.2115 | val wrench 0.1382 sealed 0.0338 cons 0.0025 | 848s
ep  64 | train 0.1072 val 0.2135 | val wrench 0.1391 sealed 0.0345 cons 0.0025 | 860s
ep  65 | train 0.1065 val 0.2224 | val wrench 0.1405 sealed 0.0383 cons 0.0025 | 873s
ep  66 | train 0.1056 val 0.2131 | val wrench 0.1399 sealed 0.0340 cons 0.0024 | 886s
ep  67 | train 0.1051 val 0.2243 | val wrench 0.1399 sealed 0.0395 cons 0.0025 | 899s
ep  68 | train 0.1043 val 0.2180 | val wrench 0.1393 sealed 0.0367 cons 0.0024 | 911s
ep  69 | train 0.1038 val 0.2253 | val wrench 0.1395 sealed 0.0402 cons 0.0024 | 924s
ep  70 | train 0.1034 val 0.2265 | val wrench 0.1409 sealed 0.0401 cons 0.0024 | 937s
ep  71 | train 0.1028 val 0.2351 | val wrench 0.1382 sealed 0.0458 cons 0.0024 | 950s
ep  72 | train 0.1025 val 0.2301 | val wrench 0.1385 sealed 0.0430 cons 0.0024 | 962s
ep  73 | train 0.1021 val 0.2267 | val wrench 0.1390 sealed 0.0413 cons 0.0024 | 976s
ep  74 | train 0.1017 val 0.2344 | val wrench 0.1383 sealed 0.0454 cons 0.0024 | 989s
ep  75 | train 0.1014 val 0.2280 | val wrench 0.1380 sealed 0.0424 cons 0.0024 | 1002s
ep  76 | train 0.1012 val 0.2293 | val wrench 0.1388 sealed 0.0426 cons 0.0024 | 1014s
ep  77 | train 0.1011 val 0.2307 | val wrench 0.1385 sealed 0.0435 cons 0.0024 | 1027s
ep  78 | train 0.1008 val 0.2287 | val wrench 0.1384 sealed 0.0425 cons 0.0024 | 1040s
ep  79 | train 0.1009 val 0.2295 | val wrench 0.1384 sealed 0.0430 cons 0.0024 | 1053s
done. best val total 0.1846 -> MPC/runs/dyn/best.pt
